// Jest Snapshot v1, https://goo.gl/fbAQLP

exports[`<Apply /> should render correctly 1`] = `null`;
