// Jest Snapshot v1, https://goo.gl/fbAQLP

exports[`<SponsorSlider /> should render correctly 1`] = `
<Slider
  autoplay={true}
  autoplaySpeed={3000}
  centerMode={true}
  centerPadding={0}
  className="slider"
  dots={true}
  infinite={true}
  responsive={
    Array [
      Object {
        "breakpoint": 990,
        "settings": Object {
          "slidesToScroll": 1,
          "slidesToShow": 4,
        },
      },
      Object {
        "breakpoint": 480,
        "settings": Object {
          "slidesToScroll": 1,
          "slidesToShow": 3,
        },
      },
    ]
  }
  slidesToScroll={1}
  slidesToShow={7}
  speed={500}
>
  <div>
    <a
      href="https://www.pluralsight.com/"
      rel="noopener noreferrer"
      target="_blank"
    >
      <img
        alt="google"
        height="60"
        src="image-mock"
        width="60"
      />
    </a>
  </div>
  <div>
    <a
      href="https://github.com/"
      rel="noopener noreferrer"
      target="_blank"
    >
      <img
        alt="GitHub"
        height="60"
        src="image-mock"
        width="60"
      />
    </a>
  </div>
  <div>
    <a
      href="https://repl.it"
      rel="noopener noreferrer"
      target="_blank"
    >
      <img
        alt="repl.it"
        height="60"
        src="image-mock"
        width="60"
      />
    </a>
  </div>
  <div>
    <a
      href="https://slack.com/"
      rel="noopener noreferrer"
      target="_blank"
    >
      <img
        alt="Slack"
        height="60"
        src="image-mock"
        width="60"
      />
    </a>
  </div>
  <div>
    <a
      href="https://www.digitalocean.com/"
      rel="noopener noreferrer"
      target="_blank"
    >
      <img
        alt="Digital Ocean"
        height="60"
        src="image-mock"
        width="60"
      />
    </a>
  </div>
  <div>
    <a
      href="https://frontendmasters.com/"
      rel="noopener noreferrer"
      target="_blank"
    >
      <img
        alt="Front End Masters"
        height="60"
        src="image-mock"
        width="60"
      />
    </a>
  </div>
  <div>
    <a
      href="https://corporate.comcast.com/company/nbcuniversal/"
      rel="noopener noreferrer"
      target="_blank"
    >
      <img
        alt="Comcast"
        height="60"
        src="image-mock"
        width="80"
      />
    </a>
  </div>
</Slider>
`;
